2026-08-25 09:53:28.184: [INFO] CurrentProfilePath: C:\Users\ketha\Desktop\JAVA\SpringBoot\.metadata\.plugins\org.eclipse.swt\EBWebView\Default
2026-08-25 09:53:28.184: [INFO] Profiles total count: 1
2026-08-25 09:53:28.184: [INFO] Profile: name=Profile 1 path=C:\Users\ketha\Desktop\JAVA\SpringBoot\.metadata\.plugins\org.eclipse.swt\EBWebView\Default lastActive=null
2026-08-25 09:53:28.184: [INFO] LastUsedProfileDir: C:\Users\ketha\Desktop\JAVA\SpringBoot\.metadata\.plugins\org.eclipse.swt\EBWebView\Default
2026-08-25 09:53:28.184: [INFO] OnDoneLoading sync enabled: 0
2026-08-25 09:53:28.184: [INFO] BookmarkModelLoaded, ids_reassigned: 0
2026-08-25 09:53:28.184: [INFO] BookmarksLoadDropped droppedNodes=0
2026-08-25 09:53:28.184: [INFO] BookmarksSnapshot Startup total=0 bar=0 other=0 mobile=0 showBar=0 showBarNTP=1
2026-08-25 09:55:10.101: [INFO] BookmarksSnapshot Shutdown total=0 bar=0 other=0 mobile=0 showBar=0 showBarNTP=1
2026-08-26 09:25:55.626: [INFO] CurrentProfilePath: C:\Users\ketha\Desktop\JAVA\SpringBoot\.metadata\.plugins\org.eclipse.swt\EBWebView\Default
2026-08-26 09:25:55.626: [INFO] Profiles total count: 1
2026-08-26 09:25:55.626: [INFO] Profile: name=Profile 1 path=C:\Users\ketha\Desktop\JAVA\SpringBoot\.metadata\.plugins\org.eclipse.swt\EBWebView\Default lastActive=null
2026-08-26 09:25:55.626: [INFO] LastUsedProfileDir: C:\Users\ketha\Desktop\JAVA\SpringBoot\.metadata\.plugins\org.eclipse.swt\EBWebView\Default
2026-08-26 09:25:55.626: [INFO] OnDoneLoading sync enabled: 0
2026-08-26 09:25:55.626: [INFO] BookmarkModelLoaded, ids_reassigned: 0
2026-08-26 09:25:55.626: [INFO] BookmarksLoadDropped droppedNodes=0
2026-08-26 09:25:55.626: [INFO] BookmarksSnapshot Startup total=0 bar=0 other=0 mobile=0 showBar=0 showBarNTP=1
2026-08-26 09:25:55.977: [INFO] BookmarksSnapshot Shutdown total=0 bar=0 other=0 mobile=0 showBar=0 showBarNTP=1
2026-08-26 09:29:47.849: [INFO] CurrentProfilePath: C:\Users\ketha\Desktop\JAVA\SpringBoot\.metadata\.plugins\org.eclipse.swt\EBWebView\Default
2026-08-26 09:29:47.849: [INFO] Profiles total count: 1
2026-08-26 09:29:47.849: [INFO] Profile: name=Profile 1 path=C:\Users\ketha\Desktop\JAVA\SpringBoot\.metadata\.plugins\org.eclipse.swt\EBWebView\Default lastActive=null
2026-08-26 09:29:47.849: [INFO] LastUsedProfileDir: C:\Users\ketha\Desktop\JAVA\SpringBoot\.metadata\.plugins\org.eclipse.swt\EBWebView\Default
2026-08-26 09:29:47.849: [INFO] OnDoneLoading sync enabled: 0
2026-08-26 09:29:47.849: [INFO] BookmarkModelLoaded, ids_reassigned: 0
2026-08-26 09:29:47.849: [INFO] BookmarksLoadDropped droppedNodes=0
2026-08-26 09:29:47.849: [INFO] BookmarksSnapshot Startup total=0 bar=0 other=0 mobile=0 showBar=0 showBarNTP=1
2026-08-26 09:29:56.178: [INFO] BookmarksSnapshot Shutdown total=0 bar=0 other=0 mobile=0 showBar=0 showBarNTP=1
2026-08-26 09:30:19.567: [INFO] CurrentProfilePath: C:\Users\ketha\Desktop\JAVA\SpringBoot\.metadata\.plugins\org.eclipse.swt\EBWebView\Default
2026-08-26 09:30:19.567: [INFO] Profiles total count: 1
2026-08-26 09:30:19.567: [INFO] Profile: name=Profile 1 path=C:\Users\ketha\Desktop\JAVA\SpringBoot\.metadata\.plugins\org.eclipse.swt\EBWebView\Default lastActive=null
2026-08-26 09:30:19.567: [INFO] LastUsedProfileDir: C:\Users\ketha\Desktop\JAVA\SpringBoot\.metadata\.plugins\org.eclipse.swt\EBWebView\Default
2026-08-26 09:30:19.567: [INFO] OnDoneLoading sync enabled: 0
2026-08-26 09:30:19.567: [INFO] BookmarkModelLoaded, ids_reassigned: 0
2026-08-26 09:30:19.567: [INFO] BookmarksLoadDropped droppedNodes=0
2026-08-26 09:30:19.567: [INFO] BookmarksSnapshot Startup total=0 bar=0 other=0 mobile=0 showBar=0 showBarNTP=1
2026-08-26 09:30:19.646: [INFO] BookmarksSnapshot Shutdown total=0 bar=0 other=0 mobile=0 showBar=0 showBarNTP=1
2026-08-26 09:30:39.619: [INFO] CurrentProfilePath: C:\Users\ketha\Desktop\JAVA\SpringBoot\.metadata\.plugins\org.eclipse.swt\EBWebView\Default
2026-08-26 09:30:39.619: [INFO] Profiles total count: 1
2026-08-26 09:30:39.619: [INFO] Profile: name=Profile 1 path=C:\Users\ketha\Desktop\JAVA\SpringBoot\.metadata\.plugins\org.eclipse.swt\EBWebView\Default lastActive=null
2026-08-26 09:30:39.619: [INFO] LastUsedProfileDir: C:\Users\ketha\Desktop\JAVA\SpringBoot\.metadata\.plugins\org.eclipse.swt\EBWebView\Default
2026-08-26 09:30:39.619: [INFO] OnDoneLoading sync enabled: 0
2026-08-26 09:30:39.619: [INFO] BookmarkModelLoaded, ids_reassigned: 0
2026-08-26 09:30:39.619: [INFO] BookmarksLoadDropped droppedNodes=0
2026-08-26 09:30:39.619: [INFO] BookmarksSnapshot Startup total=0 bar=0 other=0 mobile=0 showBar=0 showBarNTP=1
2026-08-26 09:30:43.995: [INFO] BookmarksSnapshot Shutdown total=0 bar=0 other=0 mobile=0 showBar=0 showBarNTP=1
2026-08-26 10:15:20.125: [INFO] CurrentProfilePath: C:\Users\ketha\Desktop\JAVA\SpringBoot\.metadata\.plugins\org.eclipse.swt\EBWebView\Default
2026-08-26 10:15:20.125: [INFO] Profiles total count: 1
2026-08-26 10:15:20.125: [INFO] Profile: name=Profile 1 path=C:\Users\ketha\Desktop\JAVA\SpringBoot\.metadata\.plugins\org.eclipse.swt\EBWebView\Default lastActive=null
2026-08-26 10:15:20.125: [INFO] LastUsedProfileDir: C:\Users\ketha\Desktop\JAVA\SpringBoot\.metadata\.plugins\org.eclipse.swt\EBWebView\Default
2026-08-26 10:15:20.125: [INFO] OnDoneLoading sync enabled: 0
2026-08-26 10:15:20.125: [INFO] BookmarkModelLoaded, ids_reassigned: 0
2026-08-26 10:15:20.125: [INFO] BookmarksLoadDropped droppedNodes=0
2026-08-26 10:15:20.125: [INFO] BookmarksSnapshot Startup total=0 bar=0 other=0 mobile=0 showBar=0 showBarNTP=1
2026-08-26 10:15:24.879: [INFO] BookmarksSnapshot Shutdown total=0 bar=0 other=0 mobile=0 showBar=0 showBarNTP=1
2026-08-26 10:15:54.329: [INFO] CurrentProfilePath: C:\Users\ketha\Desktop\JAVA\SpringBoot\.metadata\.plugins\org.eclipse.swt\EBWebView\Default
2026-08-26 10:15:54.329: [INFO] Profiles total count: 1
2026-08-26 10:15:54.329: [INFO] Profile: name=Profile 1 path=C:\Users\ketha\Desktop\JAVA\SpringBoot\.metadata\.plugins\org.eclipse.swt\EBWebView\Default lastActive=null
2026-08-26 10:15:54.329: [INFO] LastUsedProfileDir: C:\Users\ketha\Desktop\JAVA\SpringBoot\.metadata\.plugins\org.eclipse.swt\EBWebView\Default
2026-08-26 10:15:54.329: [INFO] OnDoneLoading sync enabled: 0
2026-08-26 10:15:54.329: [INFO] BookmarkModelLoaded, ids_reassigned: 0
2026-08-26 10:15:54.329: [INFO] BookmarksLoadDropped droppedNodes=0
2026-08-26 10:15:54.329: [INFO] BookmarksSnapshot Startup total=0 bar=0 other=0 mobile=0 showBar=0 showBarNTP=1
2026-08-26 10:15:58.689: [INFO] BookmarksSnapshot Shutdown total=0 bar=0 other=0 mobile=0 showBar=0 showBarNTP=1
2026-08-26 10:16:25.503: [INFO] CurrentProfilePath: C:\Users\ketha\Desktop\JAVA\SpringBoot\.metadata\.plugins\org.eclipse.swt\EBWebView\Default
2026-08-26 10:16:25.503: [INFO] Profiles total count: 1
2026-08-26 10:16:25.503: [INFO] Profile: name=Profile 1 path=C:\Users\ketha\Desktop\JAVA\SpringBoot\.metadata\.plugins\org.eclipse.swt\EBWebView\Default lastActive=null
2026-08-26 10:16:25.503: [INFO] LastUsedProfileDir: C:\Users\ketha\Desktop\JAVA\SpringBoot\.metadata\.plugins\org.eclipse.swt\EBWebView\Default
2026-08-26 10:16:25.503: [INFO] OnDoneLoading sync enabled: 0
2026-08-26 10:16:25.503: [INFO] BookmarkModelLoaded, ids_reassigned: 0
2026-08-26 10:16:25.503: [INFO] BookmarksLoadDropped droppedNodes=0
2026-08-26 10:16:25.503: [INFO] BookmarksSnapshot Startup total=0 bar=0 other=0 mobile=0 showBar=0 showBarNTP=1
2026-08-26 10:16:49.615: [INFO] BookmarksSnapshot Shutdown total=0 bar=0 other=0 mobile=0 showBar=0 showBarNTP=1
2026-08-26 10:19:45.968: [INFO] CurrentProfilePath: C:\Users\ketha\Desktop\JAVA\SpringBoot\.metadata\.plugins\org.eclipse.swt\EBWebView\Default
2026-08-26 10:19:45.968: [INFO] Profiles total count: 1
2026-08-26 10:19:45.968: [INFO] Profile: name=Profile 1 path=C:\Users\ketha\Desktop\JAVA\SpringBoot\.metadata\.plugins\org.eclipse.swt\EBWebView\Default lastActive=null
2026-08-26 10:19:45.968: [INFO] LastUsedProfileDir: C:\Users\ketha\Desktop\JAVA\SpringBoot\.metadata\.plugins\org.eclipse.swt\EBWebView\Default
2026-08-26 10:19:45.968: [INFO] OnDoneLoading sync enabled: 0
2026-08-26 10:19:45.968: [INFO] BookmarkModelLoaded, ids_reassigned: 0
2026-08-26 10:19:45.968: [INFO] BookmarksLoadDropped droppedNodes=0
2026-08-26 10:19:45.968: [INFO] BookmarksSnapshot Startup total=0 bar=0 other=0 mobile=0 showBar=0 showBarNTP=1
2026-08-26 10:23:53.636: [INFO] BookmarksSnapshot Shutdown total=0 bar=0 other=0 mobile=0 showBar=0 showBarNTP=1
2026-08-26 10:24:38.451: [INFO] CurrentProfilePath: C:\Users\ketha\Desktop\JAVA\SpringBoot\.metadata\.plugins\org.eclipse.swt\EBWebView\Default
2026-08-26 10:24:38.451: [INFO] Profiles total count: 1
2026-08-26 10:24:38.451: [INFO] Profile: name=Profile 1 path=C:\Users\ketha\Desktop\JAVA\SpringBoot\.metadata\.plugins\org.eclipse.swt\EBWebView\Default lastActive=null
2026-08-26 10:24:38.451: [INFO] LastUsedProfileDir: C:\Users\ketha\Desktop\JAVA\SpringBoot\.metadata\.plugins\org.eclipse.swt\EBWebView\Default
2026-08-26 10:24:38.451: [INFO] OnDoneLoading sync enabled: 0
2026-08-26 10:24:38.451: [INFO] BookmarkModelLoaded, ids_reassigned: 0
2026-08-26 10:24:38.451: [INFO] BookmarksLoadDropped droppedNodes=0
2026-08-26 10:24:38.451: [INFO] BookmarksSnapshot Startup total=0 bar=0 other=0 mobile=0 showBar=0 showBarNTP=1
2026-08-26 10:24:46.837: [INFO] BookmarksSnapshot Shutdown total=0 bar=0 other=0 mobile=0 showBar=0 showBarNTP=1
2026-08-26 10:25:04.611: [INFO] CurrentProfilePath: C:\Users\ketha\Desktop\JAVA\SpringBoot\.metadata\.plugins\org.eclipse.swt\EBWebView\Default
2026-08-26 10:25:04.611: [INFO] Profiles total count: 1
2026-08-26 10:25:04.611: [INFO] Profile: name=Profile 1 path=C:\Users\ketha\Desktop\JAVA\SpringBoot\.metadata\.plugins\org.eclipse.swt\EBWebView\Default lastActive=null
2026-08-26 10:25:04.611: [INFO] LastUsedProfileDir: C:\Users\ketha\Desktop\JAVA\SpringBoot\.metadata\.plugins\org.eclipse.swt\EBWebView\Default
2026-08-26 10:25:04.611: [INFO] OnDoneLoading sync enabled: 0
2026-08-26 10:25:04.611: [INFO] BookmarkModelLoaded, ids_reassigned: 0
2026-08-26 10:25:04.611: [INFO] BookmarksLoadDropped droppedNodes=0
2026-08-26 10:25:04.611: [INFO] BookmarksSnapshot Startup total=0 bar=0 other=0 mobile=0 showBar=0 showBarNTP=1
2026-08-26 10:25:08.789: [INFO] BookmarksSnapshot Shutdown total=0 bar=0 other=0 mobile=0 showBar=0 showBarNTP=1
2026-08-26 10:27:24.555: [INFO] CurrentProfilePath: C:\Users\ketha\Desktop\JAVA\SpringBoot\.metadata\.plugins\org.eclipse.swt\EBWebView\Default
2026-08-26 10:27:24.555: [INFO] Profiles total count: 1
2026-08-26 10:27:24.555: [INFO] Profile: name=Profile 1 path=C:\Users\ketha\Desktop\JAVA\SpringBoot\.metadata\.plugins\org.eclipse.swt\EBWebView\Default lastActive=null
2026-08-26 10:27:24.555: [INFO] LastUsedProfileDir: C:\Users\ketha\Desktop\JAVA\SpringBoot\.metadata\.plugins\org.eclipse.swt\EBWebView\Default
2026-08-26 10:27:24.555: [INFO] OnDoneLoading sync enabled: 0
2026-08-26 10:27:24.555: [INFO] BookmarkModelLoaded, ids_reassigned: 0
2026-08-26 10:27:24.555: [INFO] BookmarksLoadDropped droppedNodes=0
2026-08-26 10:27:24.555: [INFO] BookmarksSnapshot Startup total=0 bar=0 other=0 mobile=0 showBar=0 showBarNTP=1
2026-08-26 10:27:29.185: [INFO] BookmarksSnapshot Shutdown total=0 bar=0 other=0 mobile=0 showBar=0 showBarNTP=1
2026-08-26 10:27:48.943: [INFO] CurrentProfilePath: C:\Users\ketha\Desktop\JAVA\SpringBoot\.metadata\.plugins\org.eclipse.swt\EBWebView\Default
2026-08-26 10:27:48.943: [INFO] Profiles total count: 1
2026-08-26 10:27:48.943: [INFO] Profile: name=Profile 1 path=C:\Users\ketha\Desktop\JAVA\SpringBoot\.metadata\.plugins\org.eclipse.swt\EBWebView\Default lastActive=null
2026-08-26 10:27:48.943: [INFO] LastUsedProfileDir: C:\Users\ketha\Desktop\JAVA\SpringBoot\.metadata\.plugins\org.eclipse.swt\EBWebView\Default
2026-08-26 10:27:48.943: [INFO] OnDoneLoading sync enabled: 0
2026-08-26 10:27:48.943: [INFO] BookmarkModelLoaded, ids_reassigned: 0
2026-08-26 10:27:48.943: [INFO] BookmarksLoadDropped droppedNodes=0
2026-08-26 10:27:48.943: [INFO] BookmarksSnapshot Startup total=0 bar=0 other=0 mobile=0 showBar=0 showBarNTP=1
2026-08-26 10:27:53.259: [INFO] BookmarksSnapshot Shutdown total=0 bar=0 other=0 mobile=0 showBar=0 showBarNTP=1
2026-08-26 10:28:15.912: [INFO] CurrentProfilePath: C:\Users\ketha\Desktop\JAVA\SpringBoot\.metadata\.plugins\org.eclipse.swt\EBWebView\Default
2026-08-26 10:28:15.912: [INFO] Profiles total count: 1
2026-08-26 10:28:15.912: [INFO] Profile: name=Profile 1 path=C:\Users\ketha\Desktop\JAVA\SpringBoot\.metadata\.plugins\org.eclipse.swt\EBWebView\Default lastActive=null
2026-08-26 10:28:15.912: [INFO] LastUsedProfileDir: C:\Users\ketha\Desktop\JAVA\SpringBoot\.metadata\.plugins\org.eclipse.swt\EBWebView\Default
2026-08-26 10:28:15.912: [INFO] OnDoneLoading sync enabled: 0
2026-08-26 10:28:15.912: [INFO] BookmarkModelLoaded, ids_reassigned: 0
2026-08-26 10:28:15.912: [INFO] BookmarksLoadDropped droppedNodes=0
2026-08-26 10:28:15.912: [INFO] BookmarksSnapshot Startup total=0 bar=0 other=0 mobile=0 showBar=0 showBarNTP=1
2026-08-26 10:28:20.457: [INFO] BookmarksSnapshot Shutdown total=0 bar=0 other=0 mobile=0 showBar=0 showBarNTP=1
2026-08-26 10:31:38.798: [INFO] CurrentProfilePath: C:\Users\ketha\Desktop\JAVA\SpringBoot\.metadata\.plugins\org.eclipse.swt\EBWebView\Default
2026-08-26 10:31:38.798: [INFO] Profiles total count: 1
2026-08-26 10:31:38.798: [INFO] Profile: name=Profile 1 path=C:\Users\ketha\Desktop\JAVA\SpringBoot\.metadata\.plugins\org.eclipse.swt\EBWebView\Default lastActive=null
2026-08-26 10:31:38.798: [INFO] LastUsedProfileDir: C:\Users\ketha\Desktop\JAVA\SpringBoot\.metadata\.plugins\org.eclipse.swt\EBWebView\Default
2026-08-26 10:31:38.798: [INFO] OnDoneLoading sync enabled: 0
2026-08-26 10:31:38.798: [INFO] BookmarkModelLoaded, ids_reassigned: 0
2026-08-26 10:31:38.798: [INFO] BookmarksLoadDropped droppedNodes=0
2026-08-26 10:31:38.798: [INFO] BookmarksSnapshot Startup total=0 bar=0 other=0 mobile=0 showBar=0 showBarNTP=1
2026-08-26 10:32:45.383: [INFO] BookmarksSnapshot Shutdown total=0 bar=0 other=0 mobile=0 showBar=0 showBarNTP=1
2026-08-31 09:46:17.095: [INFO] CurrentProfilePath: C:\Users\ketha\Desktop\JAVA\SpringBoot\.metadata\.plugins\org.eclipse.swt\EBWebView\Default
2026-08-31 09:46:17.095: [INFO] Profiles total count: 1
2026-08-31 09:46:17.095: [INFO] Profile: name=Profile 1 path=C:\Users\ketha\Desktop\JAVA\SpringBoot\.metadata\.plugins\org.eclipse.swt\EBWebView\Default lastActive=null
2026-08-31 09:46:17.095: [INFO] LastUsedProfileDir: C:\Users\ketha\Desktop\JAVA\SpringBoot\.metadata\.plugins\org.eclipse.swt\EBWebView\Default
2026-08-31 09:46:17.095: [INFO] OnDoneLoading sync enabled: 0
2026-08-31 09:46:17.095: [INFO] BookmarkModelLoaded, ids_reassigned: 0
2026-08-31 09:46:17.095: [INFO] BookmarksLoadDropped droppedNodes=0
2026-08-31 09:46:17.095: [INFO] BookmarksSnapshot Startup total=0 bar=0 other=0 mobile=0 showBar=0 showBarNTP=1
2026-08-31 09:46:32.356: [INFO] BookmarksSnapshot Shutdown total=0 bar=0 other=0 mobile=0 showBar=0 showBarNTP=1
2026-08-31 09:47:14.942: [INFO] CurrentProfilePath: C:\Users\ketha\Desktop\JAVA\SpringBoot\.metadata\.plugins\org.eclipse.swt\EBWebView\Default
2026-08-31 09:47:14.942: [INFO] Profiles total count: 1
2026-08-31 09:47:14.942: [INFO] Profile: name=Profile 1 path=C:\Users\ketha\Desktop\JAVA\SpringBoot\.metadata\.plugins\org.eclipse.swt\EBWebView\Default lastActive=null
2026-08-31 09:47:14.942: [INFO] LastUsedProfileDir: C:\Users\ketha\Desktop\JAVA\SpringBoot\.metadata\.plugins\org.eclipse.swt\EBWebView\Default
2026-08-31 09:47:14.942: [INFO] OnDoneLoading sync enabled: 0
2026-08-31 09:47:14.942: [INFO] BookmarkModelLoaded, ids_reassigned: 0
2026-08-31 09:47:14.942: [INFO] BookmarksLoadDropped droppedNodes=0
2026-08-31 09:47:14.942: [INFO] BookmarksSnapshot Startup total=0 bar=0 other=0 mobile=0 showBar=0 showBarNTP=1
2026-08-31 09:47:15.033: [INFO] BookmarksSnapshot Shutdown total=0 bar=0 other=0 mobile=0 showBar=0 showBarNTP=1
2026-08-31 09:55:24.083: [INFO] CurrentProfilePath: C:\Users\ketha\Desktop\JAVA\SpringBoot\.metadata\.plugins\org.eclipse.swt\EBWebView\Default
2026-08-31 09:55:24.083: [INFO] Profiles total count: 1
2026-08-31 09:55:24.083: [INFO] Profile: name=Profile 1 path=C:\Users\ketha\Desktop\JAVA\SpringBoot\.metadata\.plugins\org.eclipse.swt\EBWebView\Default lastActive=null
2026-08-31 09:55:24.083: [INFO] LastUsedProfileDir: C:\Users\ketha\Desktop\JAVA\SpringBoot\.metadata\.plugins\org.eclipse.swt\EBWebView\Default
2026-08-31 09:55:24.083: [INFO] OnDoneLoading sync enabled: 0
2026-08-31 09:55:24.083: [INFO] BookmarkModelLoaded, ids_reassigned: 0
2026-08-31 09:55:24.083: [INFO] BookmarksLoadDropped droppedNodes=0
2026-08-31 09:55:24.083: [INFO] BookmarksSnapshot Startup total=0 bar=0 other=0 mobile=0 showBar=0 showBarNTP=1
2026-08-31 09:56:23.322: [INFO] BookmarksSnapshot Shutdown total=0 bar=0 other=0 mobile=0 showBar=0 showBarNTP=1
2026-08-31 09:56:36.009: [INFO] CurrentProfilePath: C:\Users\ketha\Desktop\JAVA\SpringBoot\.metadata\.plugins\org.eclipse.swt\EBWebView\Default
2026-08-31 09:56:36.009: [INFO] Profiles total count: 1
2026-08-31 09:56:36.009: [INFO] Profile: name=Profile 1 path=C:\Users\ketha\Desktop\JAVA\SpringBoot\.metadata\.plugins\org.eclipse.swt\EBWebView\Default lastActive=null
2026-08-31 09:56:36.009: [INFO] LastUsedProfileDir: C:\Users\ketha\Desktop\JAVA\SpringBoot\.metadata\.plugins\org.eclipse.swt\EBWebView\Default
2026-08-31 09:56:36.009: [INFO] OnDoneLoading sync enabled: 0
2026-08-31 09:56:36.009: [INFO] BookmarkModelLoaded, ids_reassigned: 0
2026-08-31 09:56:36.009: [INFO] BookmarksLoadDropped droppedNodes=0
2026-08-31 09:56:36.009: [INFO] BookmarksSnapshot Startup total=0 bar=0 other=0 mobile=0 showBar=0 showBarNTP=1
2026-09-01 05:24:55.050: [INFO] BookmarksSnapshot Shutdown total=0 bar=0 other=0 mobile=0 showBar=0 showBarNTP=1
2026-09-02 10:15:15.423: [INFO] CurrentProfilePath: C:\Users\ketha\Desktop\JAVA\SpringBoot\.metadata\.plugins\org.eclipse.swt\EBWebView\Default
2026-09-02 10:15:15.423: [INFO] Profiles total count: 1
2026-09-02 10:15:15.423: [INFO] Profile: name=Profile 1 path=C:\Users\ketha\Desktop\JAVA\SpringBoot\.metadata\.plugins\org.eclipse.swt\EBWebView\Default lastActive=null
2026-09-02 10:15:15.423: [INFO] LastUsedProfileDir: C:\Users\ketha\Desktop\JAVA\SpringBoot\.metadata\.plugins\org.eclipse.swt\EBWebView\Default
2026-09-02 10:15:15.423: [INFO] OnDoneLoading sync enabled: 0
2026-09-02 10:15:15.423: [INFO] BookmarkModelLoaded, ids_reassigned: 0
2026-09-02 10:15:15.423: [INFO] BookmarksLoadDropped droppedNodes=0
2026-09-02 10:15:15.423: [INFO] BookmarksSnapshot Startup total=0 bar=0 other=0 mobile=0 showBar=0 showBarNTP=1
2026-09-02 10:16:26.003: [INFO] BookmarksSnapshot Shutdown total=0 bar=0 other=0 mobile=0 showBar=0 showBarNTP=1
2026-09-02 10:20:46.557: [INFO] CurrentProfilePath: C:\Users\ketha\Desktop\JAVA\SpringBoot\.metadata\.plugins\org.eclipse.swt\EBWebView\Default
2026-09-02 10:20:46.557: [INFO] Profiles total count: 1
2026-09-02 10:20:46.557: [INFO] Profile: name=Profile 1 path=C:\Users\ketha\Desktop\JAVA\SpringBoot\.metadata\.plugins\org.eclipse.swt\EBWebView\Default lastActive=null
2026-09-02 10:20:46.557: [INFO] LastUsedProfileDir: C:\Users\ketha\Desktop\JAVA\SpringBoot\.metadata\.plugins\org.eclipse.swt\EBWebView\Default
2026-09-02 10:20:46.557: [INFO] OnDoneLoading sync enabled: 0
2026-09-02 10:20:46.557: [INFO] BookmarkModelLoaded, ids_reassigned: 0
2026-09-02 10:20:46.557: [INFO] BookmarksLoadDropped droppedNodes=0
2026-09-02 10:20:46.557: [INFO] BookmarksSnapshot Startup total=0 bar=0 other=0 mobile=0 showBar=0 showBarNTP=1
2026-09-02 10:21:29.910: [INFO] BookmarksSnapshot Shutdown total=0 bar=0 other=0 mobile=0 showBar=0 showBarNTP=1
2026-09-03 09:48:51.552: [INFO] CurrentProfilePath: C:\Users\ketha\Desktop\JAVA\SpringBoot\.metadata\.plugins\org.eclipse.swt\EBWebView\Default
2026-09-03 09:48:51.552: [INFO] Profiles total count: 1
2026-09-03 09:48:51.552: [INFO] Profile: name=Profile 1 path=C:\Users\ketha\Desktop\JAVA\SpringBoot\.metadata\.plugins\org.eclipse.swt\EBWebView\Default lastActive=null
2026-09-03 09:48:51.552: [INFO] LastUsedProfileDir: C:\Users\ketha\Desktop\JAVA\SpringBoot\.metadata\.plugins\org.eclipse.swt\EBWebView\Default
2026-09-03 09:48:51.552: [INFO] OnDoneLoading sync enabled: 0
2026-09-03 09:48:51.552: [INFO] BookmarkModelLoaded, ids_reassigned: 0
2026-09-03 09:48:51.552: [INFO] BookmarksLoadDropped droppedNodes=0
2026-09-03 09:48:51.552: [INFO] BookmarksSnapshot Startup total=0 bar=0 other=0 mobile=0 showBar=0 showBarNTP=1
2026-09-03 11:20:16.612: [INFO] BookmarksSnapshot Shutdown total=0 bar=0 other=0 mobile=0 showBar=0 showBarNTP=1
2026-09-07 06:09:44.700: [INFO] CurrentProfilePath: C:\Users\ketha\Desktop\JAVA\SpringBoot\.metadata\.plugins\org.eclipse.swt\EBWebView\Default
2026-09-07 06:09:44.700: [INFO] Profiles total count: 1
2026-09-07 06:09:44.700: [INFO] Profile: name=Profile 1 path=C:\Users\ketha\Desktop\JAVA\SpringBoot\.metadata\.plugins\org.eclipse.swt\EBWebView\Default lastActive=null
2026-09-07 06:09:44.700: [INFO] LastUsedProfileDir: C:\Users\ketha\Desktop\JAVA\SpringBoot\.metadata\.plugins\org.eclipse.swt\EBWebView\Default
2026-09-07 06:09:44.700: [INFO] OnDoneLoading sync enabled: 0
2026-09-07 06:09:44.700: [INFO] BookmarkModelLoaded, ids_reassigned: 0
2026-09-07 06:09:44.700: [INFO] BookmarksLoadDropped droppedNodes=0
2026-09-07 06:09:44.700: [INFO] BookmarksSnapshot Startup total=0 bar=0 other=0 mobile=0 showBar=0 showBarNTP=1
2026-09-07 06:09:47.214: [INFO] BookmarksSnapshot Shutdown total=0 bar=0 other=0 mobile=0 showBar=0 showBarNTP=1
2026-09-07 06:09:48.283: [INFO] CurrentProfilePath: C:\Users\ketha\Desktop\JAVA\SpringBoot\.metadata\.plugins\org.eclipse.swt\EBWebView\Default
2026-09-07 06:09:48.283: [INFO] Profiles total count: 1
2026-09-07 06:09:48.283: [INFO] Profile: name=Profile 1 path=C:\Users\ketha\Desktop\JAVA\SpringBoot\.metadata\.plugins\org.eclipse.swt\EBWebView\Default lastActive=null
2026-09-07 06:09:48.283: [INFO] LastUsedProfileDir: C:\Users\ketha\Desktop\JAVA\SpringBoot\.metadata\.plugins\org.eclipse.swt\EBWebView\Default
2026-09-07 06:09:48.283: [INFO] OnDoneLoading sync enabled: 0
2026-09-07 06:09:48.283: [INFO] BookmarkModelLoaded, ids_reassigned: 0
2026-09-07 06:09:48.283: [INFO] BookmarksLoadDropped droppedNodes=0
2026-09-07 06:09:48.283: [INFO] BookmarksSnapshot Startup total=0 bar=0 other=0 mobile=0 showBar=0 showBarNTP=1
2026-09-07 06:09:52.343: [INFO] BookmarksSnapshot Shutdown total=0 bar=0 other=0 mobile=0 showBar=0 showBarNTP=1
2026-09-07 06:10:11.477: [INFO] CurrentProfilePath: C:\Users\ketha\Desktop\JAVA\SpringBoot\.metadata\.plugins\org.eclipse.swt\EBWebView\Default
2026-09-07 06:10:11.477: [INFO] Profiles total count: 1
2026-09-07 06:10:11.477: [INFO] Profile: name=Profile 1 path=C:\Users\ketha\Desktop\JAVA\SpringBoot\.metadata\.plugins\org.eclipse.swt\EBWebView\Default lastActive=null
2026-09-07 06:10:11.477: [INFO] LastUsedProfileDir: C:\Users\ketha\Desktop\JAVA\SpringBoot\.metadata\.plugins\org.eclipse.swt\EBWebView\Default
2026-09-07 06:10:11.477: [INFO] OnDoneLoading sync enabled: 0
2026-09-07 06:10:11.477: [INFO] BookmarkModelLoaded, ids_reassigned: 0
2026-09-07 06:10:11.477: [INFO] BookmarksLoadDropped droppedNodes=0
2026-09-07 06:10:11.477: [INFO] BookmarksSnapshot Startup total=0 bar=0 other=0 mobile=0 showBar=0 showBarNTP=1
2026-09-07 10:38:59.337: [INFO] BookmarksSnapshot Shutdown total=0 bar=0 other=0 mobile=0 showBar=0 showBarNTP=1
2026-09-07 10:43:24.228: [INFO] CurrentProfilePath: C:\Users\ketha\Desktop\JAVA\SpringBoot\.metadata\.plugins\org.eclipse.swt\EBWebView\Default
2026-09-07 10:43:24.228: [INFO] Profiles total count: 1
2026-09-07 10:43:24.228: [INFO] Profile: name=Profile 1 path=C:\Users\ketha\Desktop\JAVA\SpringBoot\.metadata\.plugins\org.eclipse.swt\EBWebView\Default lastActive=null
2026-09-07 10:43:24.228: [INFO] LastUsedProfileDir: C:\Users\ketha\Desktop\JAVA\SpringBoot\.metadata\.plugins\org.eclipse.swt\EBWebView\Default
2026-09-07 10:43:24.228: [INFO] OnDoneLoading sync enabled: 0
2026-09-07 10:43:24.228: [INFO] BookmarkModelLoaded, ids_reassigned: 0
2026-09-07 10:43:24.228: [INFO] BookmarksLoadDropped droppedNodes=0
2026-09-07 10:43:24.228: [INFO] BookmarksSnapshot Startup total=0 bar=0 other=0 mobile=0 showBar=0 showBarNTP=1
2026-09-07 15:24:19.014: [INFO] BookmarksSnapshot Shutdown total=0 bar=0 other=0 mobile=0 showBar=0 showBarNTP=1
2026-09-08 10:45:21.499: [INFO] CurrentProfilePath: C:\Users\ketha\Desktop\JAVA\SpringBoot\.metadata\.plugins\org.eclipse.swt\EBWebView\Default
2026-09-08 10:45:21.499: [INFO] Profiles total count: 1
2026-09-08 10:45:21.499: [INFO] Profile: name=Profile 1 path=C:\Users\ketha\Desktop\JAVA\SpringBoot\.metadata\.plugins\org.eclipse.swt\EBWebView\Default lastActive=null
2026-09-08 10:45:21.499: [INFO] LastUsedProfileDir: C:\Users\ketha\Desktop\JAVA\SpringBoot\.metadata\.plugins\org.eclipse.swt\EBWebView\Default
2026-09-08 10:45:21.499: [INFO] OnDoneLoading sync enabled: 0
2026-09-08 10:45:21.499: [INFO] BookmarkModelLoaded, ids_reassigned: 0
2026-09-08 10:45:21.499: [INFO] BookmarksLoadDropped droppedNodes=0
2026-09-08 10:45:21.499: [INFO] BookmarksSnapshot Startup total=0 bar=0 other=0 mobile=0 showBar=0 showBarNTP=1
2026-09-08 10:45:22.879: [INFO] BookmarksSnapshot Shutdown total=0 bar=0 other=0 mobile=0 showBar=0 showBarNTP=1
2026-09-08 10:45:45.093: [INFO] CurrentProfilePath: C:\Users\ketha\Desktop\JAVA\SpringBoot\.metadata\.plugins\org.eclipse.swt\EBWebView\Default
2026-09-08 10:45:45.093: [INFO] Profiles total count: 1
2026-09-08 10:45:45.093: [INFO] Profile: name=Profile 1 path=C:\Users\ketha\Desktop\JAVA\SpringBoot\.metadata\.plugins\org.eclipse.swt\EBWebView\Default lastActive=null
2026-09-08 10:45:45.093: [INFO] LastUsedProfileDir: C:\Users\ketha\Desktop\JAVA\SpringBoot\.metadata\.plugins\org.eclipse.swt\EBWebView\Default
2026-09-08 10:45:45.093: [INFO] OnDoneLoading sync enabled: 0
2026-09-08 10:45:45.093: [INFO] BookmarkModelLoaded, ids_reassigned: 0
2026-09-08 10:45:45.093: [INFO] BookmarksLoadDropped droppedNodes=0
2026-09-08 10:45:45.093: [INFO] BookmarksSnapshot Startup total=0 bar=0 other=0 mobile=0 showBar=0 showBarNTP=1
2026-09-08 16:01:49.821: [INFO] CurrentProfilePath: C:\Users\ketha\Desktop\JAVA\SpringBoot\.metadata\.plugins\org.eclipse.swt\EBWebView\Default
2026-09-08 16:01:49.821: [INFO] Profiles total count: 1
2026-09-08 16:01:49.821: [INFO] Profile: name=Profile 1 path=C:\Users\ketha\Desktop\JAVA\SpringBoot\.metadata\.plugins\org.eclipse.swt\EBWebView\Default lastActive=null
2026-09-08 16:01:49.821: [INFO] LastUsedProfileDir: C:\Users\ketha\Desktop\JAVA\SpringBoot\.metadata\.plugins\org.eclipse.swt\EBWebView\Default
2026-09-08 16:01:49.821: [INFO] OnDoneLoading sync enabled: 0
2026-09-08 16:01:49.821: [INFO] BookmarkModelLoaded, ids_reassigned: 0
2026-09-08 16:01:49.821: [INFO] BookmarksLoadDropped droppedNodes=0
2026-09-08 16:01:49.821: [INFO] BookmarksSnapshot Startup total=0 bar=0 other=0 mobile=0 showBar=0 showBarNTP=1
2026-09-08 16:02:02.792: [INFO] BookmarksSnapshot Shutdown total=0 bar=0 other=0 mobile=0 showBar=0 showBarNTP=1
2026-09-08 16:02:57.175: [INFO] CurrentProfilePath: C:\Users\ketha\Desktop\JAVA\SpringBoot\.metadata\.plugins\org.eclipse.swt\EBWebView\Default
2026-09-08 16:02:57.175: [INFO] Profiles total count: 1
2026-09-08 16:02:57.175: [INFO] Profile: name=Profile 1 path=C:\Users\ketha\Desktop\JAVA\SpringBoot\.metadata\.plugins\org.eclipse.swt\EBWebView\Default lastActive=null
2026-09-08 16:02:57.175: [INFO] LastUsedProfileDir: C:\Users\ketha\Desktop\JAVA\SpringBoot\.metadata\.plugins\org.eclipse.swt\EBWebView\Default
2026-09-08 16:02:57.175: [INFO] OnDoneLoading sync enabled: 0
2026-09-08 16:02:57.175: [INFO] BookmarkModelLoaded, ids_reassigned: 0
2026-09-08 16:02:57.175: [INFO] BookmarksLoadDropped droppedNodes=0
2026-09-08 16:02:57.175: [INFO] BookmarksSnapshot Startup total=0 bar=0 other=0 mobile=0 showBar=0 showBarNTP=1
2026-09-08 16:03:03.565: [INFO] BookmarksSnapshot Shutdown total=0 bar=0 other=0 mobile=0 showBar=0 showBarNTP=1
2026-09-08 16:33:52.437: [INFO] CurrentProfilePath: C:\Users\ketha\Desktop\JAVA\SpringBoot\.metadata\.plugins\org.eclipse.swt\EBWebView\Default
2026-09-08 16:33:52.437: [INFO] Profiles total count: 1
2026-09-08 16:33:52.437: [INFO] Profile: name=Profile 1 path=C:\Users\ketha\Desktop\JAVA\SpringBoot\.metadata\.plugins\org.eclipse.swt\EBWebView\Default lastActive=null
2026-09-08 16:33:52.437: [INFO] LastUsedProfileDir: C:\Users\ketha\Desktop\JAVA\SpringBoot\.metadata\.plugins\org.eclipse.swt\EBWebView\Default
2026-09-08 16:33:52.437: [INFO] OnDoneLoading sync enabled: 0
2026-09-08 16:33:52.437: [INFO] BookmarkModelLoaded, ids_reassigned: 0
2026-09-08 16:33:52.437: [INFO] BookmarksLoadDropped droppedNodes=0
2026-09-08 16:33:52.437: [INFO] BookmarksSnapshot Startup total=0 bar=0 other=0 mobile=0 showBar=0 showBarNTP=1
2026-09-08 16:33:56.997: [INFO] BookmarksSnapshot Shutdown total=0 bar=0 other=0 mobile=0 showBar=0 showBarNTP=1
2026-09-08 16:34:13.286: [INFO] CurrentProfilePath: C:\Users\ketha\Desktop\JAVA\SpringBoot\.metadata\.plugins\org.eclipse.swt\EBWebView\Default
2026-09-08 16:34:13.286: [INFO] Profiles total count: 1
2026-09-08 16:34:13.286: [INFO] Profile: name=Profile 1 path=C:\Users\ketha\Desktop\JAVA\SpringBoot\.metadata\.plugins\org.eclipse.swt\EBWebView\Default lastActive=null
2026-09-08 16:34:13.286: [INFO] LastUsedProfileDir: C:\Users\ketha\Desktop\JAVA\SpringBoot\.metadata\.plugins\org.eclipse.swt\EBWebView\Default
2026-09-08 16:34:13.286: [INFO] OnDoneLoading sync enabled: 0
2026-09-08 16:34:13.286: [INFO] BookmarkModelLoaded, ids_reassigned: 0
2026-09-08 16:34:13.286: [INFO] BookmarksLoadDropped droppedNodes=0
2026-09-08 16:34:13.286: [INFO] BookmarksSnapshot Startup total=0 bar=0 other=0 mobile=0 showBar=0 showBarNTP=1
2026-09-08 16:34:15.552: [INFO] BookmarksSnapshot Shutdown total=0 bar=0 other=0 mobile=0 showBar=0 showBarNTP=1
2026-09-08 16:35:55.936: [INFO] CurrentProfilePath: C:\Users\ketha\Desktop\JAVA\SpringBoot\.metadata\.plugins\org.eclipse.swt\EBWebView\Default
2026-09-08 16:35:55.936: [INFO] Profiles total count: 1
2026-09-08 16:35:55.936: [INFO] Profile: name=Profile 1 path=C:\Users\ketha\Desktop\JAVA\SpringBoot\.metadata\.plugins\org.eclipse.swt\EBWebView\Default lastActive=null
2026-09-08 16:35:55.936: [INFO] LastUsedProfileDir: C:\Users\ketha\Desktop\JAVA\SpringBoot\.metadata\.plugins\org.eclipse.swt\EBWebView\Default
2026-09-08 16:35:55.936: [INFO] OnDoneLoading sync enabled: 0
2026-09-08 16:35:55.936: [INFO] BookmarkModelLoaded, ids_reassigned: 0
2026-09-08 16:35:55.936: [INFO] BookmarksLoadDropped droppedNodes=0
2026-09-08 16:35:55.936: [INFO] BookmarksSnapshot Startup total=0 bar=0 other=0 mobile=0 showBar=0 showBarNTP=1
2026-09-08 17:33:56.710: [INFO] BookmarksSnapshot Shutdown total=0 bar=0 other=0 mobile=0 showBar=0 showBarNTP=1
2026-09-09 04:45:01.728: [INFO] CurrentProfilePath: C:\Users\ketha\Desktop\JAVA\SpringBoot\.metadata\.plugins\org.eclipse.swt\EBWebView\Default
2026-09-09 04:45:01.728: [INFO] Profiles total count: 1
2026-09-09 04:45:01.728: [INFO] Profile: name=Profile 1 path=C:\Users\ketha\Desktop\JAVA\SpringBoot\.metadata\.plugins\org.eclipse.swt\EBWebView\Default lastActive=null
2026-09-09 04:45:01.728: [INFO] LastUsedProfileDir: C:\Users\ketha\Desktop\JAVA\SpringBoot\.metadata\.plugins\org.eclipse.swt\EBWebView\Default
2026-09-09 04:45:01.728: [INFO] OnDoneLoading sync enabled: 0
2026-09-09 04:45:01.728: [INFO] BookmarkModelLoaded, ids_reassigned: 0
2026-09-09 04:45:01.728: [INFO] BookmarksLoadDropped droppedNodes=0
2026-09-09 04:45:01.728: [INFO] BookmarksSnapshot Startup total=0 bar=0 other=0 mobile=0 showBar=0 showBarNTP=1
2026-09-09 05:42:34.085: [INFO] BookmarksSnapshot Shutdown total=0 bar=0 other=0 mobile=0 showBar=0 showBarNTP=1
2026-09-10 09:23:19.139: [INFO] CurrentProfilePath: C:\Users\ketha\Desktop\JAVA\SpringBoot\.metadata\.plugins\org.eclipse.swt\EBWebView\Default
2026-09-10 09:23:19.139: [INFO] Profiles total count: 1
2026-09-10 09:23:19.139: [INFO] Profile: name=Profile 1 path=C:\Users\ketha\Desktop\JAVA\SpringBoot\.metadata\.plugins\org.eclipse.swt\EBWebView\Default lastActive=null
2026-09-10 09:23:19.139: [INFO] LastUsedProfileDir: C:\Users\ketha\Desktop\JAVA\SpringBoot\.metadata\.plugins\org.eclipse.swt\EBWebView\Default
2026-09-10 09:23:19.139: [INFO] OnDoneLoading sync enabled: 0
2026-09-10 09:23:19.139: [INFO] BookmarkModelLoaded, ids_reassigned: 0
2026-09-10 09:23:19.139: [INFO] BookmarksLoadDropped droppedNodes=0
2026-09-10 09:23:19.139: [INFO] BookmarksSnapshot Startup total=0 bar=0 other=0 mobile=0 showBar=0 showBarNTP=1
2026-09-10 10:19:45.587: [INFO] BookmarksSnapshot Shutdown total=0 bar=0 other=0 mobile=0 showBar=0 showBarNTP=1
2026-09-11 09:19:12.684: [INFO] CurrentProfilePath: C:\Users\ketha\Desktop\JAVA\SpringBoot\.metadata\.plugins\org.eclipse.swt\EBWebView\Default
2026-09-11 09:19:12.684: [INFO] Profiles total count: 1
2026-09-11 09:19:12.684: [INFO] Profile: name=Profile 1 path=C:\Users\ketha\Desktop\JAVA\SpringBoot\.metadata\.plugins\org.eclipse.swt\EBWebView\Default lastActive=null
2026-09-11 09:19:12.684: [INFO] LastUsedProfileDir: C:\Users\ketha\Desktop\JAVA\SpringBoot\.metadata\.plugins\org.eclipse.swt\EBWebView\Default
2026-09-11 09:19:12.684: [INFO] OnDoneLoading sync enabled: 0
2026-09-11 09:19:12.684: [INFO] BookmarkModelLoaded, ids_reassigned: 0
2026-09-11 09:19:12.684: [INFO] BookmarksLoadDropped droppedNodes=0
2026-09-11 09:19:12.684: [INFO] BookmarksSnapshot Startup total=0 bar=0 other=0 mobile=0 showBar=0 showBarNTP=1
2026-09-11 09:21:48.716: [INFO] BookmarksSnapshot Shutdown total=0 bar=0 other=0 mobile=0 showBar=0 showBarNTP=1
2026-09-11 09:23:42.079: [INFO] CurrentProfilePath: C:\Users\ketha\Desktop\JAVA\SpringBoot\.metadata\.plugins\org.eclipse.swt\EBWebView\Default
2026-09-11 09:23:42.079: [INFO] Profiles total count: 1
2026-09-11 09:23:42.079: [INFO] Profile: name=Profile 1 path=C:\Users\ketha\Desktop\JAVA\SpringBoot\.metadata\.plugins\org.eclipse.swt\EBWebView\Default lastActive=null
2026-09-11 09:23:42.079: [INFO] LastUsedProfileDir: C:\Users\ketha\Desktop\JAVA\SpringBoot\.metadata\.plugins\org.eclipse.swt\EBWebView\Default
2026-09-11 09:23:42.079: [INFO] OnDoneLoading sync enabled: 0
2026-09-11 09:23:42.079: [INFO] BookmarkModelLoaded, ids_reassigned: 0
2026-09-11 09:23:42.079: [INFO] BookmarksLoadDropped droppedNodes=0
2026-09-11 09:23:42.079: [INFO] BookmarksSnapshot Startup total=0 bar=0 other=0 mobile=0 showBar=0 showBarNTP=1
2026-09-11 13:34:06.978: [INFO] BookmarksSnapshot Shutdown total=0 bar=0 other=0 mobile=0 showBar=0 showBarNTP=1
2026-09-11 16:20:30.937: [INFO] CurrentProfilePath: C:\Users\ketha\Desktop\JAVA\SpringBoot\.metadata\.plugins\org.eclipse.swt\EBWebView\Default
2026-09-11 16:20:30.937: [INFO] Profiles total count: 1
2026-09-11 16:20:30.937: [INFO] Profile: name=Profile 1 path=C:\Users\ketha\Desktop\JAVA\SpringBoot\.metadata\.plugins\org.eclipse.swt\EBWebView\Default lastActive=null
2026-09-11 16:20:30.937: [INFO] LastUsedProfileDir: C:\Users\ketha\Desktop\JAVA\SpringBoot\.metadata\.plugins\org.eclipse.swt\EBWebView\Default
2026-09-11 16:20:30.937: [INFO] OnDoneLoading sync enabled: 0
2026-09-11 16:20:30.937: [INFO] BookmarkModelLoaded, ids_reassigned: 0
2026-09-11 16:20:30.937: [INFO] BookmarksLoadDropped droppedNodes=0
2026-09-11 16:20:30.937: [INFO] BookmarksSnapshot Startup total=0 bar=0 other=0 mobile=0 showBar=0 showBarNTP=1
2026-09-11 16:27:15.822: [INFO] BookmarksSnapshot Shutdown total=0 bar=0 other=0 mobile=0 showBar=0 showBarNTP=1
2026-09-11 16:28:17.570: [INFO] CurrentProfilePath: C:\Users\ketha\Desktop\JAVA\SpringBoot\.metadata\.plugins\org.eclipse.swt\EBWebView\Default
2026-09-11 16:28:17.570: [INFO] Profiles total count: 1
2026-09-11 16:28:17.570: [INFO] Profile: name=Profile 1 path=C:\Users\ketha\Desktop\JAVA\SpringBoot\.metadata\.plugins\org.eclipse.swt\EBWebView\Default lastActive=null
2026-09-11 16:28:17.570: [INFO] LastUsedProfileDir: C:\Users\ketha\Desktop\JAVA\SpringBoot\.metadata\.plugins\org.eclipse.swt\EBWebView\Default
2026-09-11 16:28:17.570: [INFO] OnDoneLoading sync enabled: 0
2026-09-11 16:28:17.570: [INFO] BookmarkModelLoaded, ids_reassigned: 0
2026-09-11 16:28:17.570: [INFO] BookmarksLoadDropped droppedNodes=0
2026-09-11 16:28:17.570: [INFO] BookmarksSnapshot Startup total=0 bar=0 other=0 mobile=0 showBar=0 showBarNTP=1
2026-09-11 16:56:33.353: [INFO] BookmarksSnapshot Shutdown total=0 bar=0 other=0 mobile=0 showBar=0 showBarNTP=1
2026-09-16 08:58:54.335: [INFO] CurrentProfilePath: C:\Users\ketha\Desktop\JAVA\SpringBoot\.metadata\.plugins\org.eclipse.swt\EBWebView\Default
2026-09-16 08:58:54.335: [INFO] Profiles total count: 1
2026-09-16 08:58:54.335: [INFO] Profile: name=Profile 1 path=C:\Users\ketha\Desktop\JAVA\SpringBoot\.metadata\.plugins\org.eclipse.swt\EBWebView\Default lastActive=null
2026-09-16 08:58:54.335: [INFO] LastUsedProfileDir: C:\Users\ketha\Desktop\JAVA\SpringBoot\.metadata\.plugins\org.eclipse.swt\EBWebView\Default
2026-09-16 08:58:54.335: [INFO] OnDoneLoading sync enabled: 0
2026-09-16 08:58:54.335: [INFO] BookmarkModelLoaded, ids_reassigned: 0
2026-09-16 08:58:54.335: [INFO] BookmarksLoadDropped droppedNodes=0
2026-09-16 08:58:54.335: [INFO] BookmarksSnapshot Startup total=0 bar=0 other=0 mobile=0 showBar=0 showBarNTP=1
2026-09-16 11:17:45.796: [INFO] BookmarksSnapshot Shutdown total=0 bar=0 other=0 mobile=0 showBar=0 showBarNTP=1
2026-09-16 11:26:01.619: [INFO] CurrentProfilePath: C:\Users\ketha\Desktop\JAVA\SpringBoot\.metadata\.plugins\org.eclipse.swt\EBWebView\Default
2026-09-16 11:26:01.619: [INFO] Profiles total count: 1
2026-09-16 11:26:01.619: [INFO] Profile: name=Profile 1 path=C:\Users\ketha\Desktop\JAVA\SpringBoot\.metadata\.plugins\org.eclipse.swt\EBWebView\Default lastActive=null
2026-09-16 11:26:01.619: [INFO] LastUsedProfileDir: C:\Users\ketha\Desktop\JAVA\SpringBoot\.metadata\.plugins\org.eclipse.swt\EBWebView\Default
2026-09-16 11:26:01.619: [INFO] OnDoneLoading sync enabled: 0
2026-09-16 11:26:01.619: [INFO] BookmarkModelLoaded, ids_reassigned: 0
2026-09-16 11:26:01.619: [INFO] BookmarksLoadDropped droppedNodes=0
2026-09-16 11:26:01.619: [INFO] BookmarksSnapshot Startup total=0 bar=0 other=0 mobile=0 showBar=0 showBarNTP=1
2026-09-16 11:26:02.936: [INFO] BookmarksSnapshot Shutdown total=0 bar=0 other=0 mobile=0 showBar=0 showBarNTP=1
2026-09-16 11:28:17.287: [INFO] CurrentProfilePath: C:\Users\ketha\Desktop\JAVA\SpringBoot\.metadata\.plugins\org.eclipse.swt\EBWebView\Default
2026-09-16 11:28:17.287: [INFO] Profiles total count: 1
2026-09-16 11:28:17.287: [INFO] Profile: name=Profile 1 path=C:\Users\ketha\Desktop\JAVA\SpringBoot\.metadata\.plugins\org.eclipse.swt\EBWebView\Default lastActive=null
2026-09-16 11:28:17.287: [INFO] LastUsedProfileDir: C:\Users\ketha\Desktop\JAVA\SpringBoot\.metadata\.plugins\org.eclipse.swt\EBWebView\Default
2026-09-16 11:28:17.287: [INFO] OnDoneLoading sync enabled: 0
2026-09-16 11:28:17.287: [INFO] BookmarkModelLoaded, ids_reassigned: 0
2026-09-16 11:28:17.287: [INFO] BookmarksLoadDropped droppedNodes=0
2026-09-16 11:28:17.287: [INFO] BookmarksSnapshot Startup total=0 bar=0 other=0 mobile=0 showBar=0 showBarNTP=1
2026-09-16 16:52:36.811: [INFO] BookmarksSnapshot Shutdown total=0 bar=0 other=0 mobile=0 showBar=0 showBarNTP=1
